#
# There is insufficient memory for the Java Runtime Environment to continue.
# Native memory allocation (malloc) failed to allocate 1550048 bytes for Chunk::new
# Possible reasons:
#   The system is out of physical RAM or swap space
#   The process is running with CompressedOops enabled, and the Java Heap may be blocking the growth of the native heap
# Possible solutions:
#   Reduce memory load on the system
#   Increase physical memory or swap space
#   Check if swap backing store is full
#   Decrease Java heap size (-Xmx/-Xms)
#   Decrease number of Java threads
#   Decrease Java thread stack sizes (-Xss)
#   Set larger code cache with -XX:ReservedCodeCacheSize=
#   JVM is running with Zero Based Compressed Oops mode in which the Java heap is
#     placed in the first 32GB address space. The Java Heap base address is the
#     maximum limit for the native heap growth. Please use -XX:HeapBaseMinAddress
#     to set the Java Heap base and to place the Java Heap above 32GB virtual address.
# This output file may be truncated or incomplete.
#
#  Out of Memory Error (arena.cpp:168), pid=20164, tid=18216
#
# JRE version: Java(TM) SE Runtime Environment (21.0.8+12) (build 21.0.8+12-LTS-250)
# Java VM: Java HotSpot(TM) 64-Bit Server VM (21.0.8+12-LTS-250, mixed mode, sharing, tiered, compressed oops, compressed class ptrs, g1 gc, windows-amd64)
# No core dump will be written. Minidumps are not enabled by default on client versions of Windows
#

---------------  S U M M A R Y ------------

Command Line: -javaagent:C:\Program Files\JetBrains\IntelliJ IDEA Community Edition 2025.2.2\lib\idea_rt.jar=55234 -Dfile.encoding=UTF-8 -Dsun.stdout.encoding=UTF-8 -Dsun.stderr.encoding=UTF-8 com.ofss.KycService.KycServiceApplication

Host: Intel(R) Core(TM) Ultra 7 268V, 8 cores, 31G,  Windows 11 , 64 bit Build 26100 (10.0.26100.7019)
Time: Mon Nov 24 12:45:43 2025 India Standard Time elapsed time: 131876.685510 seconds (1d 12h 37m 56s)

---------------  T H R E A D  ---------------

Current thread (0x000001bc6102b890):  JavaThread "C2 CompilerThread0" daemon [_thread_in_native, id=18216, stack(0x000000099d900000,0x000000099da00000) (1024K)]


Current CompileTask:
C2:131876687 13966 %     4       com.fasterxml.jackson.databind.deser.BeanDeserializerFactory::addBeanProps @ 396 (847 bytes)

Stack: [0x000000099d900000,0x000000099da00000]
Native frames: (J=compiled Java code, j=interpreted, Vv=VM code, C=native code)
V  [jvm.dll+0x6cc179]
V  [jvm.dll+0x8584c1]
V  [jvm.dll+0x85a9ee]
V  [jvm.dll+0x85b0c3]
V  [jvm.dll+0x27ebf6]
V  [jvm.dll+0xc4f4d]
V  [jvm.dll+0xc5483]
V  [jvm.dll+0x3b6abc]
V  [jvm.dll+0x382a35]
V  [jvm.dll+0x381eaa]
V  [jvm.dll+0x247670]
V  [jvm.dll+0x246c4f]
V  [jvm.dll+0x1c7a3e]
V  [jvm.dll+0x256359]
V  [jvm.dll+0x2548ea]
V  [jvm.dll+0x3efef6]
V  [jvm.dll+0x80279b]
V  [jvm.dll+0x6ca85d]
C  [ucrtbase.dll+0x37b0]
C  [KERNEL32.DLL+0x2e8d7]
C  [ntdll.dll+0x8c53c]


---------------  P R O C E S S  ---------------

Threads class SMR info:
_java_thread_list=0x000001bc663532e0, length=40, elements={
0x000001bc6100eeb0, 0x000001bc61010b10, 0x000001bc61017420, 0x000001bc610187b0,
0x000001bc61024170, 0x000001bc610268f0, 0x000001bc6102b890, 0x000001bc6102dea0,
0x000001bc19300440, 0x000001bc613fe1e0, 0x000001bc613fe840, 0x000001bc64b05290,
0x000001bc6522dd50, 0x000001bc642c0700, 0x000001bc62e03d00, 0x000001bc62f4dbb0,
0x000001bc64d77710, 0x000001bc637d8b50, 0x000001bc637d7110, 0x000001bc637d84c0,
0x000001bc6120eda0, 0x000001bc612107e0, 0x000001bc6120fac0, 0x000001bc6120f430,
0x000001bc61210150, 0x000001bc61210e70, 0x000001bc61211500, 0x000001bc6120e080,
0x000001bc61211b90, 0x000001bc6120e710, 0x000001bc61213c60, 0x000001bc61215010,
0x000001bc612128b0, 0x000001bc612142f0, 0x000001bc61212f40, 0x000001bc612156a0,
0x000001bc61212220, 0x000001bc612135d0, 0x000001bc61214980, 0x000001bc637d63f0
}

Java Threads: ( => current thread )
  0x000001bc6100eeb0 JavaThread "Reference Handler"          daemon [_thread_blocked, id=8888, stack(0x000000099d300000,0x000000099d400000) (1024K)]
  0x000001bc61010b10 JavaThread "Finalizer"                  daemon [_thread_blocked, id=7828, stack(0x000000099d400000,0x000000099d500000) (1024K)]
  0x000001bc61017420 JavaThread "Signal Dispatcher"          daemon [_thread_blocked, id=8088, stack(0x000000099d500000,0x000000099d600000) (1024K)]
  0x000001bc610187b0 JavaThread "Attach Listener"            daemon [_thread_blocked, id=18748, stack(0x000000099d600000,0x000000099d700000) (1024K)]
  0x000001bc61024170 JavaThread "Service Thread"             daemon [_thread_blocked, id=20024, stack(0x000000099d700000,0x000000099d800000) (1024K)]
  0x000001bc610268f0 JavaThread "Monitor Deflation Thread"   daemon [_thread_blocked, id=18732, stack(0x000000099d800000,0x000000099d900000) (1024K)]
=>0x000001bc6102b890 JavaThread "C2 CompilerThread0"         daemon [_thread_in_native, id=18216, stack(0x000000099d900000,0x000000099da00000) (1024K)]
  0x000001bc6102dea0 JavaThread "C1 CompilerThread0"         daemon [_thread_blocked, id=7432, stack(0x000000099da00000,0x000000099db00000) (1024K)]
  0x000001bc19300440 JavaThread "Common-Cleaner"             daemon [_thread_blocked, id=16932, stack(0x000000099db00000,0x000000099dc00000) (1024K)]
  0x000001bc613fe1e0 JavaThread "Monitor Ctrl-Break"         daemon [_thread_in_native, id=23596, stack(0x000000099de00000,0x000000099df00000) (1024K)]
  0x000001bc613fe840 JavaThread "Notification Thread"        daemon [_thread_blocked, id=20612, stack(0x000000099df00000,0x000000099e000000) (1024K)]
  0x000001bc64b05290 JavaThread "Catalina-utility-1"                [_thread_blocked, id=19220, stack(0x000000099ea00000,0x000000099eb00000) (1024K)]
  0x000001bc6522dd50 JavaThread "Catalina-utility-2"                [_thread_blocked, id=7492, stack(0x000000099eb00000,0x000000099ec00000) (1024K)]
  0x000001bc642c0700 JavaThread "container-0"                       [_thread_blocked, id=6908, stack(0x000000099ec00000,0x000000099ed00000) (1024K)]
  0x000001bc62e03d00 JavaThread "oracle.jdbc.diagnostics.Diagnostic.CLOCK" daemon [_thread_blocked, id=19972, stack(0x000000099e800000,0x000000099e900000) (1024K)]
  0x000001bc62f4dbb0 JavaThread "oracle.jdbc.driver.BlockSource.ThreadedCachingBlockSource.BlockReleaser" daemon [_thread_blocked, id=24588, stack(0x000000099ed00000,0x000000099ee00000) (1024K)]
  0x000001bc64d77710 JavaThread "InterruptTimer"             daemon [_thread_blocked, id=9752, stack(0x000000099ee00000,0x000000099ef00000) (1024K)]
  0x000001bc637d8b50 JavaThread "HikariPool-1:housekeeper"   daemon [_thread_blocked, id=19172, stack(0x000000099ef00000,0x000000099f000000) (1024K)]
  0x000001bc637d7110 JavaThread "spectator-gauge-polling-0"  daemon [_thread_blocked, id=25836, stack(0x000000099ca00000,0x000000099cb00000) (1024K)]
  0x000001bc637d84c0 JavaThread "AsyncResolver-bootstrap-%d" daemon [_thread_blocked, id=25812, stack(0x000000099f000000,0x000000099f100000) (1024K)]
  0x000001bc6120eda0 JavaThread "DiscoveryClient-%d"         daemon [_thread_blocked, id=25904, stack(0x000000099f400000,0x000000099f500000) (1024K)]
  0x000001bc612107e0 JavaThread "DiscoveryClient-%d"         daemon [_thread_blocked, id=25960, stack(0x000000099f500000,0x000000099f600000) (1024K)]
  0x000001bc6120fac0 JavaThread "DiscoveryClient-InstanceInfoReplicator-%d" daemon [_thread_blocked, id=26020, stack(0x000000099f600000,0x000000099f700000) (1024K)]
  0x000001bc6120f430 JavaThread "http-nio-5082-exec-1"       daemon [_thread_blocked, id=23768, stack(0x000000099f700000,0x000000099f800000) (1024K)]
  0x000001bc61210150 JavaThread "http-nio-5082-exec-2"       daemon [_thread_blocked, id=9104, stack(0x000000099f800000,0x000000099f900000) (1024K)]
  0x000001bc61210e70 JavaThread "http-nio-5082-exec-3"       daemon [_thread_blocked, id=26136, stack(0x000000099f900000,0x000000099fa00000) (1024K)]
  0x000001bc61211500 JavaThread "http-nio-5082-exec-4"       daemon [_thread_blocked, id=26140, stack(0x000000099fa00000,0x000000099fb00000) (1024K)]
  0x000001bc6120e080 JavaThread "http-nio-5082-exec-5"       daemon [_thread_blocked, id=25952, stack(0x000000099fb00000,0x000000099fc00000) (1024K)]
  0x000001bc61211b90 JavaThread "http-nio-5082-exec-6"       daemon [_thread_blocked, id=26380, stack(0x000000099fc00000,0x000000099fd00000) (1024K)]
  0x000001bc6120e710 JavaThread "http-nio-5082-exec-7"       daemon [_thread_blocked, id=25888, stack(0x000000099fd00000,0x000000099fe00000) (1024K)]
  0x000001bc61213c60 JavaThread "http-nio-5082-exec-8"       daemon [_thread_blocked, id=26420, stack(0x000000099fe00000,0x000000099ff00000) (1024K)]
  0x000001bc61215010 JavaThread "http-nio-5082-exec-9"       daemon [_thread_blocked, id=26416, stack(0x000000099ff00000,0x00000009a0000000) (1024K)]
  0x000001bc612128b0 JavaThread "http-nio-5082-exec-10"      daemon [_thread_blocked, id=26412, stack(0x00000009a0000000,0x00000009a0100000) (1024K)]
  0x000001bc612142f0 JavaThread "http-nio-5082-Poller"       daemon [_thread_in_native, id=26460, stack(0x00000009a0100000,0x00000009a0200000) (1024K)]
  0x000001bc61212f40 JavaThread "http-nio-5082-Acceptor"     daemon [_thread_in_native, id=25780, stack(0x00000009a0200000,0x00000009a0300000) (1024K)]
  0x000001bc612156a0 JavaThread "DestroyJavaVM"                     [_thread_blocked, id=20932, stack(0x000000099cb00000,0x000000099cc00000) (1024K)]
  0x000001bc61212220 JavaThread "DiscoveryClient-CacheRefreshExecutor-%d" daemon [_thread_blocked, id=21200, stack(0x000000099dc00000,0x000000099dd00000) (1024K)]
  0x000001bc612135d0 JavaThread "DiscoveryClient-HeartbeatExecutor-%d" daemon [_thread_blocked, id=22636, stack(0x000000099dd00000,0x000000099de00000) (1024K)]
  0x000001bc61214980 JavaThread "AsyncResolver-bootstrap-executor-%d" daemon [_thread_blocked, id=26688, stack(0x000000099c900000,0x000000099ca00000) (1024K)]
  0x000001bc637d63f0 JavaThread "OJDBC-WORKER-THREAD-272"    daemon [_thread_blocked, id=37504, stack(0x000000099f200000,0x000000099f300000) (1024K)]
Total: 40

Other Threads:
  0x000001bc19310870 VMThread "VM Thread"                           [id=22264, stack(0x000000099d200000,0x000000099d300000) (1024K)]
  0x000001bc192ffab0 WatcherThread "VM Periodic Task Thread"        [id=19252, stack(0x000000099d100000,0x000000099d200000) (1024K)]
  0x000001bc19160370 WorkerThread "GC Thread#0"                     [id=21868, stack(0x000000099cc00000,0x000000099cd00000) (1024K)]
  0x000001bc61be3890 WorkerThread "GC Thread#1"                     [id=23828, stack(0x000000099e000000,0x000000099e100000) (1024K)]
  0x000001bc61bac6e0 WorkerThread "GC Thread#2"                     [id=6524, stack(0x000000099e100000,0x000000099e200000) (1024K)]
  0x000001bc61baca80 WorkerThread "GC Thread#3"                     [id=152, stack(0x000000099e200000,0x000000099e300000) (1024K)]
  0x000001bc61bace20 WorkerThread "GC Thread#4"                     [id=14980, stack(0x000000099e300000,0x000000099e400000) (1024K)]
  0x000001bc61ca4710 WorkerThread "GC Thread#5"                     [id=24404, stack(0x000000099e400000,0x000000099e500000) (1024K)]
  0x000001bc61ca4ab0 WorkerThread "GC Thread#6"                     [id=25228, stack(0x000000099e500000,0x000000099e600000) (1024K)]
  0x000001bc61ca4e50 WorkerThread "GC Thread#7"                     [id=11072, stack(0x000000099e600000,0x000000099e700000) (1024K)]
  0x000001bc77afd2c0 ConcurrentGCThread "G1 Main Marker"            [id=1504, stack(0x000000099cd00000,0x000000099ce00000) (1024K)]
  0x000001bc77afdbd0 WorkerThread "G1 Conc#0"                       [id=20604, stack(0x000000099ce00000,0x000000099cf00000) (1024K)]
  0x000001bc6280ffc0 WorkerThread "G1 Conc#1"                       [id=13936, stack(0x000000099e900000,0x000000099ea00000) (1024K)]
  0x000001bc191d00a0 ConcurrentGCThread "G1 Refine#0"               [id=13400, stack(0x000000099cf00000,0x000000099d000000) (1024K)]
  0x000001bc191d0c10 ConcurrentGCThread "G1 Service"                [id=20972, stack(0x000000099d000000,0x000000099d100000) (1024K)]
Total: 15

Threads with active compile tasks:
C2 CompilerThread0  131876814 13966 %     4       com.fasterxml.jackson.databind.deser.BeanDeserializerFactory::addBeanProps @ 396 (847 bytes)
Total: 1

VM state: not at safepoint (normal execution)

VM Mutex/Monitor currently owned by a thread: None

Heap address: 0x0000000606c00000, size: 8084 MB, Compressed Oops mode: Zero based, Oop shift amount: 3

CDS archive(s) mapped at: [0x000001bc1c000000-0x000001bc1cc90000-0x000001bc1cc90000), size 13172736, SharedBaseAddress: 0x000001bc1c000000, ArchiveRelocationMode: 1.
Compressed class space mapped at: 0x000001bc1d000000-0x000001bc5d000000, reserved size: 1073741824
Narrow klass base: 0x000001bc1c000000, Narrow klass shift: 0, Narrow klass range: 0x100000000

GC Precious Log:
 CardTable entry size: 512
 Card Set container configuration: InlinePtr #cards 4 size 8 Array Of Cards #cards 32 size 80 Howl #buckets 8 coarsen threshold 7372 Howl Bitmap #cards 1024 size 144 coarsen threshold 921 Card regions per heap region 1 cards per card region 8192
 CPUs: 8 total, 8 available
 Memory: 32325M
 Large Page Support: Disabled
 NUMA Support: Disabled
 Compressed Oops: Enabled (Zero based)
 Heap Region Size: 4M
 Heap Min Capacity: 8M
 Heap Initial Capacity: 508M
 Heap Max Capacity: 8084M
 Pre-touch: Disabled
 Parallel Workers: 8
 Concurrent Workers: 2
 Concurrent Refinement Workers: 8
 Periodic GC: Disabled

Heap:
 garbage-first heap   total 122880K, used 55609K [0x0000000606c00000, 0x0000000800000000)
  region size 4096K, 5 young (20480K), 1 survivors (4096K)
 Metaspace       used 100024K, committed 101120K, reserved 1179648K
  class space    used 12822K, committed 13376K, reserved 1048576K

Heap Regions: E=young(eden), S=young(survivor), O=old, HS=humongous(starts), HC=humongous(continues), CS=collection set, F=free, TAMS=top-at-mark-start, PB=parsable bottom
|   0|0x0000000606c00000, 0x0000000607000000, 0x0000000607000000|100%| O|  |TAMS 0x0000000606c00000| PB 0x0000000606c00000| Untracked 
|   1|0x0000000607000000, 0x0000000607000000, 0x0000000607400000|  0%| F|  |TAMS 0x0000000607000000| PB 0x0000000607000000| Untracked 
|   2|0x0000000607400000, 0x00000006074ef2d0, 0x0000000607800000| 23%| O|  |TAMS 0x0000000607400000| PB 0x0000000607400000| Untracked 
|   3|0x0000000607800000, 0x0000000607c00000, 0x0000000607c00000|100%| O|  |TAMS 0x0000000607800000| PB 0x0000000607800000| Untracked 
|   4|0x0000000607c00000, 0x0000000608000000, 0x0000000608000000|100%| O|  |TAMS 0x0000000607c00000| PB 0x0000000607c00000| Untracked 
|   5|0x0000000608000000, 0x0000000608400000, 0x0000000608400000|100%| O|  |TAMS 0x0000000608000000| PB 0x0000000608000000| Untracked 
|   6|0x0000000608400000, 0x0000000608400000, 0x0000000608800000|  0%| F|  |TAMS 0x0000000608400000| PB 0x0000000608400000| Untracked 
|   7|0x0000000608800000, 0x0000000608c00000, 0x0000000608c00000|100%| O|  |TAMS 0x0000000608800000| PB 0x0000000608800000| Untracked 
|   8|0x0000000608c00000, 0x0000000609000000, 0x0000000609000000|100%| O|  |TAMS 0x0000000608c00000| PB 0x0000000608c00000| Untracked 
|   9|0x0000000609000000, 0x0000000609400000, 0x0000000609400000|100%| O|  |TAMS 0x0000000609000000| PB 0x0000000609000000| Untracked 
|  10|0x0000000609400000, 0x0000000609800000, 0x0000000609800000|100%| O|Cm|TAMS 0x0000000609400000| PB 0x0000000609400000| Complete 
|  11|0x0000000609800000, 0x000000060995f168, 0x0000000609c00000| 34%| S|CS|TAMS 0x0000000609800000| PB 0x0000000609800000| Complete 
|  12|0x0000000609c00000, 0x000000060a000000, 0x000000060a000000|100%| O|  |TAMS 0x0000000609c00000| PB 0x0000000609c00000| Untracked 
|  13|0x000000060a000000, 0x000000060a400000, 0x000000060a400000|100%| O|  |TAMS 0x000000060a000000| PB 0x000000060a000000| Untracked 
|  14|0x000000060a400000, 0x000000060a400000, 0x000000060a800000|  0%| F|  |TAMS 0x000000060a400000| PB 0x000000060a400000| Untracked 
|  15|0x000000060a800000, 0x000000060a800000, 0x000000060ac00000|  0%| F|  |TAMS 0x000000060a800000| PB 0x000000060a800000| Untracked 
|  16|0x000000060ac00000, 0x000000060ac00000, 0x000000060b000000|  0%| F|  |TAMS 0x000000060ac00000| PB 0x000000060ac00000| Untracked 
|  17|0x000000060b000000, 0x000000060b000000, 0x000000060b400000|  0%| F|  |TAMS 0x000000060b000000| PB 0x000000060b000000| Untracked 
|  18|0x000000060b400000, 0x000000060b400000, 0x000000060b800000|  0%| F|  |TAMS 0x000000060b400000| PB 0x000000060b400000| Untracked 
|  19|0x000000060b800000, 0x000000060b800000, 0x000000060bc00000|  0%| F|  |TAMS 0x000000060b800000| PB 0x000000060b800000| Untracked 
|  20|0x000000060bc00000, 0x000000060bc00000, 0x000000060c000000|  0%| F|  |TAMS 0x000000060bc00000| PB 0x000000060bc00000| Untracked 
|  21|0x000000060c000000, 0x000000060c000000, 0x000000060c400000|  0%| F|  |TAMS 0x000000060c000000| PB 0x000000060c000000| Untracked 
|  22|0x000000060c400000, 0x000000060c400000, 0x000000060c800000|  0%| F|  |TAMS 0x000000060c400000| PB 0x000000060c400000| Untracked 
|  23|0x000000060c800000, 0x000000060c800000, 0x000000060cc00000|  0%| F|  |TAMS 0x000000060c800000| PB 0x000000060c800000| Untracked 
|  24|0x000000060cc00000, 0x000000060cc00000, 0x000000060d000000|  0%| F|  |TAMS 0x000000060cc00000| PB 0x000000060cc00000| Untracked 
|  25|0x000000060d000000, 0x000000060d000000, 0x000000060d400000|  0%| F|  |TAMS 0x000000060d000000| PB 0x000000060d000000| Untracked 
| 115|0x0000000623800000, 0x000000062390e508, 0x0000000623c00000| 26%| E|  |TAMS 0x0000000623800000| PB 0x0000000623800000| Complete 
| 118|0x0000000624400000, 0x0000000624800000, 0x0000000624800000|100%| E|CS|TAMS 0x0000000624400000| PB 0x0000000624400000| Complete 
| 125|0x0000000626000000, 0x0000000626400000, 0x0000000626400000|100%| E|CS|TAMS 0x0000000626000000| PB 0x0000000626000000| Complete 
| 126|0x0000000626400000, 0x0000000626800000, 0x0000000626800000|100%| E|CS|TAMS 0x0000000626400000| PB 0x0000000626400000| Complete 

Card table byte_map: [0x000001bc10300000,0x000001bc112d0000] _byte_map_base: 0x000001bc0d2ca000

Marking Bits: (CMBitMap*) 0x000001bc77aecf90
 Bits: [0x000001bc112d0000, 0x000001bc19120000)

Polling page: 0x000001bc75810000

Metaspace:

Usage:
  Non-class:     85.16 MB used.
      Class:     12.52 MB used.
       Both:     97.68 MB used.

Virtual space:
  Non-class space:      128.00 MB reserved,      85.69 MB ( 67%) committed,  2 nodes.
      Class space:        1.00 GB reserved,      13.06 MB (  1%) committed,  1 nodes.
             Both:        1.12 GB reserved,      98.75 MB (  9%) committed. 

Chunk freelists:
   Non-Class:  9.90 MB
       Class:  3.03 MB
        Both:  12.93 MB

MaxMetaspaceSize: unlimited
CompressedClassSpaceSize: 1.00 GB
Initial GC threshold: 21.00 MB
Current GC threshold: 164.50 MB
CDS: on
 - commit_granule_bytes: 65536.
 - commit_granule_words: 8192.
 - virtual_space_node_default_size: 8388608.
 - enlarge_chunks_in_place: 1.
 - use_allocation_guard: 0.


Internal statistics:

num_allocs_failed_limit: 17.
num_arena_births: 1360.
num_arena_deaths: 528.
num_vsnodes_births: 3.
num_vsnodes_deaths: 0.
num_space_committed: 1579.
num_space_uncommitted: 0.
num_chunks_returned_to_freelist: 593.
num_chunks_taken_from_freelist: 4985.
num_chunk_merges: 162.
num_chunk_splits: 3577.
num_chunks_enlarged: 2868.
num_inconsistent_stats: 0.

CodeHeap 'non-profiled nmethods': size=120000Kb used=8888Kb max_used=8888Kb free=111112Kb
 bounds [0x000001bc07ad0000, 0x000001bc083a0000, 0x000001bc0f000000]
CodeHeap 'profiled nmethods': size=120000Kb used=21250Kb max_used=25097Kb free=98749Kb
 bounds [0x000001bc00000000, 0x000001bc018c0000, 0x000001bc07530000]
CodeHeap 'non-nmethods': size=5760Kb used=1834Kb max_used=1889Kb free=3925Kb
 bounds [0x000001bc07530000, 0x000001bc077a0000, 0x000001bc07ad0000]
 total_blobs=11114 nmethods=10277 adapters=741
 compilation: enabled
              stopped_count=0, restarted_count=0
 full_count=0

Compilation events (20 events):
Event: 130974.568 Thread 0x000001bc6102b890 nmethod 13959 0x000001bc07ccdc10 code [0x000001bc07ccdda0, 0x000001bc07ccde28]
Event: 131214.574 Thread 0x000001bc6102b890 13960       4       org.apache.hc.core5.net.URIBuilder::parsePath (75 bytes)
Event: 131214.600 Thread 0x000001bc6102b890 nmethod 13960 0x000001bc07e98890 code [0x000001bc07e98ac0, 0x000001bc07e99940]
Event: 131521.000 Thread 0x000001bc6102b890 13961       4       java.util.HashMap::getOrDefault (19 bytes)
Event: 131521.004 Thread 0x000001bc6102b890 nmethod 13961 0x000001bc081a9990 code [0x000001bc081a9b60, 0x000001bc081a9f00]
Event: 131694.959 Thread 0x000001bc6102b890 13962       4       org.apache.hc.core5.http.message.BasicLineParser::parseStatusLine (263 bytes)
Event: 131695.102 Thread 0x000001bc6102b890 nmethod 13962 0x000001bc0838bd10 code [0x000001bc0838c060, 0x000001bc0838e7b8]
Event: 131875.324 Thread 0x000001bc6102dea0 13963       3       org.springframework.boot.context.properties.PropertyMapper$Source::asInt (14 bytes)
Event: 131875.325 Thread 0x000001bc6102dea0 nmethod 13963 0x000001bc00323610 code [0x000001bc003237e0, 0x000001bc00323ae0]
Event: 131875.329 Thread 0x000001bc6102b890 13964       4       sun.reflect.annotation.AnnotationParser::parseAnnotation (9 bytes)
Event: 131875.332 Thread 0x000001bc6102dea0 13965       3       com.fasterxml.jackson.databind.jsontype.NamedType::<init> (39 bytes)
Event: 131875.334 Thread 0x000001bc6102dea0 nmethod 13965 0x000001bc00435e10 code [0x000001bc00436020, 0x000001bc004365d8]
Event: 131875.341 Thread 0x000001bc6102dea0 13968       3       com.fasterxml.jackson.databind.DeserializationContext::findContextualValueDeserializer (28 bytes)
Event: 131875.342 Thread 0x000001bc6102dea0 nmethod 13968 0x000001bc004c0010 code [0x000001bc004c01c0, 0x000001bc004c0430]
Event: 131875.342 Thread 0x000001bc6102dea0 13969       3       com.fasterxml.jackson.databind.deser.std.UntypedObjectDeserializer::_findCustomDeser (6 bytes)
Event: 131875.342 Thread 0x000001bc6102dea0 nmethod 13969 0x000001bc000a9010 code [0x000001bc000a91c0, 0x000001bc000a9380]
Event: 131875.342 Thread 0x000001bc6102dea0 13970       3       com.fasterxml.jackson.databind.deser.std.UntypedObjectDeserializer::_clearIfStdImpl (13 bytes)
Event: 131875.343 Thread 0x000001bc6102dea0 nmethod 13970 0x000001bc000cc710 code [0x000001bc000cc920, 0x000001bc000ccf58]
Event: 131875.494 Thread 0x000001bc6102b890 nmethod 13964 0x000001bc0838fd90 code [0x000001bc083902c0, 0x000001bc08393900]
Event: 131875.494 Thread 0x000001bc6102b890 13966 %     4       com.fasterxml.jackson.databind.deser.BeanDeserializerFactory::addBeanProps @ 396 (847 bytes)

GC Heap History (20 events):
Event: 7666.995 GC heap before
{Heap before GC invocations=16 (full 0):
 garbage-first heap   total 122880K, used 103361K [0x0000000606c00000, 0x0000000800000000)
  region size 4096K, 15 young (61440K), 2 survivors (8192K)
 Metaspace       used 99005K, committed 99968K, reserved 1179648K
  class space    used 12927K, committed 13376K, reserved 1048576K
}
Event: 7667.010 GC heap after
{Heap after GC invocations=17 (full 0):
 garbage-first heap   total 122880K, used 51331K [0x0000000606c00000, 0x0000000800000000)
  region size 4096K, 1 young (4096K), 1 survivors (4096K)
 Metaspace       used 99005K, committed 99968K, reserved 1179648K
  class space    used 12927K, committed 13376K, reserved 1048576K
}
Event: 13853.746 GC heap before
{Heap before GC invocations=18 (full 0):
 garbage-first heap   total 122880K, used 108675K [0x0000000606c00000, 0x0000000800000000)
  region size 4096K, 15 young (61440K), 1 survivors (4096K)
 Metaspace       used 99260K, committed 100160K, reserved 1179648K
  class space    used 12943K, committed 13376K, reserved 1048576K
}
Event: 13853.751 GC heap after
{Heap after GC invocations=19 (full 0):
 garbage-first heap   total 122880K, used 50745K [0x0000000606c00000, 0x0000000800000000)
  region size 4096K, 1 young (4096K), 1 survivors (4096K)
 Metaspace       used 99260K, committed 100160K, reserved 1179648K
  class space    used 12943K, committed 13376K, reserved 1048576K
}
Event: 56110.868 GC heap before
{Heap before GC invocations=19 (full 0):
 garbage-first heap   total 122880K, used 103993K [0x0000000606c00000, 0x0000000800000000)
  region size 4096K, 15 young (61440K), 1 survivors (4096K)
 Metaspace       used 99601K, committed 100544K, reserved 1179648K
  class space    used 12947K, committed 13376K, reserved 1048576K
}
Event: 56110.887 GC heap after
{Heap after GC invocations=20 (full 0):
 garbage-first heap   total 122880K, used 49718K [0x0000000606c00000, 0x0000000800000000)
  region size 4096K, 1 young (4096K), 1 survivors (4096K)
 Metaspace       used 99601K, committed 100544K, reserved 1179648K
  class space    used 12947K, committed 13376K, reserved 1048576K
}
Event: 62482.761 GC heap before
{Heap before GC invocations=20 (full 0):
 garbage-first heap   total 122880K, used 107062K [0x0000000606c00000, 0x0000000800000000)
  region size 4096K, 15 young (61440K), 1 survivors (4096K)
 Metaspace       used 99800K, committed 100736K, reserved 1179648K
  class space    used 12948K, committed 13376K, reserved 1048576K
}
Event: 62482.772 GC heap after
{Heap after GC invocations=21 (full 0):
 garbage-first heap   total 122880K, used 49811K [0x0000000606c00000, 0x0000000800000000)
  region size 4096K, 1 young (4096K), 1 survivors (4096K)
 Metaspace       used 99800K, committed 100736K, reserved 1179648K
  class space    used 12948K, committed 13376K, reserved 1048576K
}
Event: 69140.761 GC heap before
{Heap before GC invocations=21 (full 0):
 garbage-first heap   total 122880K, used 107155K [0x0000000606c00000, 0x0000000800000000)
  region size 4096K, 15 young (61440K), 1 survivors (4096K)
 Metaspace       used 99902K, committed 100864K, reserved 1179648K
  class space    used 12949K, committed 13376K, reserved 1048576K
}
Event: 69140.781 GC heap after
{Heap after GC invocations=22 (full 0):
 garbage-first heap   total 122880K, used 49847K [0x0000000606c00000, 0x0000000800000000)
  region size 4096K, 1 young (4096K), 1 survivors (4096K)
 Metaspace       used 99902K, committed 100864K, reserved 1179648K
  class space    used 12949K, committed 13376K, reserved 1048576K
}
Event: 90039.660 GC heap before
{Heap before GC invocations=23 (full 0):
 garbage-first heap   total 122880K, used 107191K [0x0000000606c00000, 0x0000000800000000)
  region size 4096K, 15 young (61440K), 1 survivors (4096K)
 Metaspace       used 99603K, committed 100928K, reserved 1179648K
  class space    used 12820K, committed 13376K, reserved 1048576K
}
Event: 90039.672 GC heap after
{Heap after GC invocations=24 (full 0):
 garbage-first heap   total 122880K, used 49899K [0x0000000606c00000, 0x0000000800000000)
  region size 4096K, 1 young (4096K), 1 survivors (4096K)
 Metaspace       used 99603K, committed 100928K, reserved 1179648K
  class space    used 12820K, committed 13376K, reserved 1048576K
}
Event: 97066.168 GC heap before
{Heap before GC invocations=24 (full 0):
 garbage-first heap   total 122880K, used 107243K [0x0000000606c00000, 0x0000000800000000)
  region size 4096K, 15 young (61440K), 1 survivors (4096K)
 Metaspace       used 99671K, committed 100928K, reserved 1179648K
  class space    used 12821K, committed 13376K, reserved 1048576K
}
Event: 97066.195 GC heap after
{Heap after GC invocations=25 (full 0):
 garbage-first heap   total 122880K, used 44656K [0x0000000606c00000, 0x0000000800000000)
  region size 4096K, 1 young (4096K), 1 survivors (4096K)
 Metaspace       used 99671K, committed 100928K, reserved 1179648K
  class space    used 12821K, committed 13376K, reserved 1048576K
}
Event: 104055.647 GC heap before
{Heap before GC invocations=25 (full 0):
 garbage-first heap   total 122880K, used 106096K [0x0000000606c00000, 0x0000000800000000)
  region size 4096K, 16 young (65536K), 1 survivors (4096K)
 Metaspace       used 99851K, committed 101056K, reserved 1179648K
  class space    used 12821K, committed 13376K, reserved 1048576K
}
Event: 104055.676 GC heap after
{Heap after GC invocations=26 (full 0):
 garbage-first heap   total 122880K, used 43426K [0x0000000606c00000, 0x0000000800000000)
  region size 4096K, 1 young (4096K), 1 survivors (4096K)
 Metaspace       used 99851K, committed 101056K, reserved 1179648K
  class space    used 12821K, committed 13376K, reserved 1048576K
}
Event: 111676.903 GC heap before
{Heap before GC invocations=26 (full 0):
 garbage-first heap   total 122880K, used 104866K [0x0000000606c00000, 0x0000000800000000)
  region size 4096K, 16 young (65536K), 1 survivors (4096K)
 Metaspace       used 99950K, committed 101056K, reserved 1179648K
  class space    used 12821K, committed 13376K, reserved 1048576K
}
Event: 111676.912 GC heap after
{Heap after GC invocations=27 (full 0):
 garbage-first heap   total 122880K, used 43291K [0x0000000606c00000, 0x0000000800000000)
  region size 4096K, 1 young (4096K), 1 survivors (4096K)
 Metaspace       used 99950K, committed 101056K, reserved 1179648K
  class space    used 12821K, committed 13376K, reserved 1048576K
}
Event: 130266.333 GC heap before
{Heap before GC invocations=28 (full 0):
 garbage-first heap   total 122880K, used 104731K [0x0000000606c00000, 0x0000000800000000)
  region size 4096K, 16 young (65536K), 1 survivors (4096K)
 Metaspace       used 100016K, committed 101120K, reserved 1179648K
  class space    used 12821K, committed 13376K, reserved 1048576K
}
Event: 130266.339 GC heap after
{Heap after GC invocations=29 (full 0):
 garbage-first heap   total 122880K, used 43321K [0x0000000606c00000, 0x0000000800000000)
  region size 4096K, 1 young (4096K), 1 survivors (4096K)
 Metaspace       used 100016K, committed 101120K, reserved 1179648K
  class space    used 12821K, committed 13376K, reserved 1048576K
}

Dll operation events (13 events):
Event: 0.016 Loaded shared library C:\Program Files\Java\jdk-21\bin\java.dll
Event: 0.049 Loaded shared library C:\Program Files\Java\jdk-21\bin\jsvml.dll
Event: 0.176 Loaded shared library C:\Program Files\Java\jdk-21\bin\zip.dll
Event: 0.179 Loaded shared library C:\Program Files\Java\jdk-21\bin\instrument.dll
Event: 0.186 Loaded shared library C:\Program Files\Java\jdk-21\bin\net.dll
Event: 0.189 Loaded shared library C:\Program Files\Java\jdk-21\bin\nio.dll
Event: 0.192 Loaded shared library C:\Program Files\Java\jdk-21\bin\zip.dll
Event: 0.329 Loaded shared library C:\Program Files\Java\jdk-21\bin\extnet.dll
Event: 0.381 Loaded shared library C:\Program Files\Java\jdk-21\bin\jimage.dll
Event: 2.903 Loaded shared library C:\Program Files\Java\jdk-21\bin\sunmscapi.dll
Event: 5.191 Loaded shared library C:\Program Files\Java\jdk-21\bin\management.dll
Event: 5.198 Loaded shared library C:\Program Files\Java\jdk-21\bin\management_ext.dll
Event: 7.356 Loaded shared library C:\Program Files\Java\jdk-21\bin\verify.dll

Deoptimization events (20 events):
Event: 126770.761 Thread 0x000001bc612135d0 Uncommon trap: trap_request=0xffffffd6 fr.pc=0x000001bc07ec1d70 relative=0x0000000000000510
Event: 126770.761 Thread 0x000001bc612135d0 Uncommon trap: reason=array_check action=maybe_recompile pc=0x000001bc07ec1d70 method=com.fasterxml.jackson.databind.util.ArrayBuilders.insertInListNoDup([Ljava/lang/Object;Ljava/lang/Object;)[Ljava/lang/Object; @ 123 c2
Event: 126770.761 Thread 0x000001bc612135d0 DEOPT PACKING pc=0x000001bc07ec1d70 sp=0x000000099ddfddc0
Event: 126770.761 Thread 0x000001bc612135d0 DEOPT UNPACKING pc=0x000001bc075846a2 sp=0x000000099ddfdd60 mode 2
Event: 126770.762 Thread 0x000001bc612135d0 Uncommon trap: trap_request=0xffffffd6 fr.pc=0x000001bc07ec1d70 relative=0x0000000000000510
Event: 126770.762 Thread 0x000001bc612135d0 Uncommon trap: reason=array_check action=maybe_recompile pc=0x000001bc07ec1d70 method=com.fasterxml.jackson.databind.util.ArrayBuilders.insertInListNoDup([Ljava/lang/Object;Ljava/lang/Object;)[Ljava/lang/Object; @ 123 c2
Event: 126770.762 Thread 0x000001bc612135d0 DEOPT PACKING pc=0x000001bc07ec1d70 sp=0x000000099ddfddb0
Event: 126770.762 Thread 0x000001bc612135d0 DEOPT UNPACKING pc=0x000001bc075846a2 sp=0x000000099ddfdd50 mode 2
Event: 126770.762 Thread 0x000001bc612135d0 Uncommon trap: trap_request=0xffffffd6 fr.pc=0x000001bc07ec1d70 relative=0x0000000000000510
Event: 126770.762 Thread 0x000001bc612135d0 Uncommon trap: reason=array_check action=maybe_recompile pc=0x000001bc07ec1d70 method=com.fasterxml.jackson.databind.util.ArrayBuilders.insertInListNoDup([Ljava/lang/Object;Ljava/lang/Object;)[Ljava/lang/Object; @ 123 c2
Event: 126770.762 Thread 0x000001bc612135d0 DEOPT PACKING pc=0x000001bc07ec1d70 sp=0x000000099ddfdca0
Event: 126770.762 Thread 0x000001bc612135d0 DEOPT UNPACKING pc=0x000001bc075846a2 sp=0x000000099ddfdc40 mode 2
Event: 126770.762 Thread 0x000001bc612135d0 Uncommon trap: trap_request=0xffffffd6 fr.pc=0x000001bc07ec1d70 relative=0x0000000000000510
Event: 126770.762 Thread 0x000001bc612135d0 Uncommon trap: reason=array_check action=maybe_recompile pc=0x000001bc07ec1d70 method=com.fasterxml.jackson.databind.util.ArrayBuilders.insertInListNoDup([Ljava/lang/Object;Ljava/lang/Object;)[Ljava/lang/Object; @ 123 c2
Event: 126770.762 Thread 0x000001bc612135d0 DEOPT PACKING pc=0x000001bc07ec1d70 sp=0x000000099ddfdca0
Event: 126770.762 Thread 0x000001bc612135d0 DEOPT UNPACKING pc=0x000001bc075846a2 sp=0x000000099ddfdc40 mode 2
Event: 127069.902 Thread 0x000001bc637d7e30 DEOPT PACKING pc=0x000001bc003bf20a sp=0x000000099f1fe0c0
Event: 127069.903 Thread 0x000001bc637d7e30 DEOPT UNPACKING pc=0x000001bc07584e42 sp=0x000000099f1fd530 mode 0
Event: 131214.765 Thread 0x000001bc6120eda0 DEOPT PACKING pc=0x000001bc0167eefe sp=0x000000099f4ff270
Event: 131214.765 Thread 0x000001bc6120eda0 DEOPT UNPACKING pc=0x000001bc07584e42 sp=0x000000099f4fe7e8 mode 0

Classes loaded (20 events):
Event: 51.875 Loading class java/util/IdentityHashMap$KeySpliterator
Event: 51.875 Loading class java/util/IdentityHashMap$IdentityHashMapSpliterator
Event: 51.875 Loading class java/util/IdentityHashMap$IdentityHashMapSpliterator done
Event: 51.875 Loading class java/util/IdentityHashMap$KeySpliterator done
Event: 61.539 Loading class java/util/concurrent/ConcurrentLinkedQueue$Itr
Event: 61.539 Loading class java/util/concurrent/ConcurrentLinkedQueue$Itr done
Event: 81.857 Loading class java/lang/invoke/BoundMethodHandle$Species_LLLLLLLLLL
Event: 81.857 Loading class java/lang/invoke/BoundMethodHandle$Species_LLLLLLLLLL done
Event: 81.858 Loading class java/lang/invoke/BoundMethodHandle$Species_LLLLLLLLLLL
Event: 81.858 Loading class java/lang/invoke/BoundMethodHandle$Species_LLLLLLLLLLL done
Event: 12568.807 Loading class java/io/PrintWriter$1
Event: 12568.807 Loading class jdk/internal/access/JavaIOPrintWriterAccess
Event: 12568.807 Loading class jdk/internal/access/JavaIOPrintWriterAccess done
Event: 12568.807 Loading class java/io/PrintWriter$1 done
Event: 12568.807 Loading class java/lang/Throwable$WrappedPrintWriter
Event: 12568.807 Loading class java/lang/Throwable$PrintStreamOrWriter
Event: 12568.807 Loading class java/lang/Throwable$PrintStreamOrWriter done
Event: 12568.807 Loading class java/lang/Throwable$WrappedPrintWriter done
Event: 93909.949 Loading class javax/net/ssl/SSLSession
Event: 93909.950 Loading class javax/net/ssl/SSLSession done

Classes unloaded (20 events):
Event: 69140.896 Thread 0x000001bc19310870 Unloading class 0x000001bc1d104000 'java/lang/invoke/LambdaForm$DMH+0x000001bc1d104000'
Event: 69140.896 Thread 0x000001bc19310870 Unloading class 0x000001bc1d034c00 'java/lang/invoke/LambdaForm$MH+0x000001bc1d034c00'
Event: 69140.896 Thread 0x000001bc19310870 Unloading class 0x000001bc1d01b400 'java/lang/invoke/LambdaForm$MH+0x000001bc1d01b400'
Event: 69140.896 Thread 0x000001bc19310870 Unloading class 0x000001bc1d01ac00 'java/lang/invoke/LambdaForm$MH+0x000001bc1d01ac00'
Event: 69140.896 Thread 0x000001bc19310870 Unloading class 0x000001bc1d01a400 'java/lang/invoke/LambdaForm$MH+0x000001bc1d01a400'
Event: 69140.896 Thread 0x000001bc19310870 Unloading class 0x000001bc1d01a000 'java/lang/invoke/LambdaForm$MH+0x000001bc1d01a000'
Event: 69140.896 Thread 0x000001bc19310870 Unloading class 0x000001bc1d019000 'java/lang/invoke/LambdaForm$MH+0x000001bc1d019000'
Event: 69140.896 Thread 0x000001bc19310870 Unloading class 0x000001bc1d018400 'java/lang/invoke/LambdaForm$MH+0x000001bc1d018400'
Event: 69140.896 Thread 0x000001bc19310870 Unloading class 0x000001bc1d018000 'java/lang/invoke/LambdaForm$MH+0x000001bc1d018000'
Event: 69140.896 Thread 0x000001bc19310870 Unloading class 0x000001bc1d017800 'java/lang/invoke/LambdaForm$MH+0x000001bc1d017800'
Event: 69140.896 Thread 0x000001bc19310870 Unloading class 0x000001bc1d017400 'java/lang/invoke/LambdaForm$MH+0x000001bc1d017400'
Event: 69140.896 Thread 0x000001bc19310870 Unloading class 0x000001bc1d017000 'java/lang/invoke/LambdaForm$MH+0x000001bc1d017000'
Event: 69140.896 Thread 0x000001bc19310870 Unloading class 0x000001bc1d016400 'java/lang/invoke/LambdaForm$MH+0x000001bc1d016400'
Event: 69140.896 Thread 0x000001bc19310870 Unloading class 0x000001bc1d015400 'java/lang/invoke/LambdaForm$MH+0x000001bc1d015400'
Event: 69140.896 Thread 0x000001bc19310870 Unloading class 0x000001bc1d014800 'java/lang/invoke/LambdaForm$MH+0x000001bc1d014800'
Event: 69140.896 Thread 0x000001bc19310870 Unloading class 0x000001bc1d014000 'java/lang/invoke/LambdaForm$MH+0x000001bc1d014000'
Event: 69140.896 Thread 0x000001bc19310870 Unloading class 0x000001bc1d002400 'java/lang/invoke/LambdaForm$MH+0x000001bc1d002400'
Event: 69140.896 Thread 0x000001bc19310870 Unloading class 0x000001bc1d002000 'java/lang/invoke/LambdaForm$MH+0x000001bc1d002000'
Event: 69140.896 Thread 0x000001bc19310870 Unloading class 0x000001bc1d001c00 'java/lang/invoke/LambdaForm$MH+0x000001bc1d001c00'
Event: 69140.896 Thread 0x000001bc19310870 Unloading class 0x000001bc1d001400 'java/lang/invoke/LambdaForm$MH+0x000001bc1d001400'

Classes redefined (0 events):
No events

Internal exceptions (20 events):
Event: 81.859 Thread 0x000001bc61212220 Exception <a 'java/lang/NoSuchMethodError'{0x000000060bad8ea0}: 'java.lang.Object java.lang.invoke.DirectMethodHandle$Holder.invokeStatic(java.lang.Object, java.lang.Object, java.lang.Object, java.lang.Object, java.lang.Object, java.lang.Object, java.lang.Object, java.lang.Object, java.lang.Object, java.lang.Object, java.lang.Object, java.lang.Object, java.lang.Object, java.lang.Object)'> (0x000000060bad8ea0) 
thrown [s\open\src\hotspot\share\interpreter\linkResolver.cpp, line 773]
Event: 81.860 Thread 0x000001bc61212220 Exception <a 'java/lang/NoSuchMethodError'{0x000000060baee9b8}: 'java.lang.Object java.lang.invoke.DelegatingMethodHandle$Holder.reinvoke_L(java.lang.Object, java.lang.Object, java.lang.Object, java.lang.Object, java.lang.Object, java.lang.Object, java.lang.Object, java.lang.Object, java.lang.Object, java.lang.Object, java.lang.Object, java.lang.Object, java.lang.Object, java.lang.Object, java.lang.Object, java.lang.Object, java.lang.Object, java.lang.Object, java.lang.Object, java.lang.Object, java.lang.O
Event: 5428.853 Thread 0x000001bc6522dd50 Implicit null exception at 0x000001bc081b194d to 0x000001bc081b1c30
Event: 5429.854 Thread 0x000001bc6522dd50 Implicit null exception at 0x000001bc081b194d to 0x000001bc081b1c30
Event: 5430.863 Thread 0x000001bc6522dd50 Implicit null exception at 0x000001bc081b194d to 0x000001bc081b1c30
Event: 5431.855 Thread 0x000001bc64b05290 Implicit null exception at 0x000001bc081b194d to 0x000001bc081b1c30
Event: 5432.854 Thread 0x000001bc64b05290 Implicit null exception at 0x000001bc081b2347 to 0x000001bc081b2618
Event: 8850.858 Thread 0x000001bc64b05290 Implicit null exception at 0x000001bc0814b43d to 0x000001bc0814b4b1
Event: 12568.790 Thread 0x000001bc61212220 Exception <a 'java/net/ConnectException'{0x000000060bbec4f8}: Connection refused: getsockopt> (0x000000060bbec4f8) 
thrown [s\open\src\hotspot\share\prims\jni.cpp, line 539]
Event: 12568.791 Thread 0x000001bc61212220 Exception <a 'java/net/ConnectException'{0x000000060bbef388}: Connection refused: getsockopt> (0x000000060bbef388) 
thrown [s\open\src\hotspot\share\prims\jni.cpp, line 539]
Event: 12568.818 Thread 0x000001bc61212220 Exception <a 'java/net/ConnectException'{0x000000060b4b35a8}: Connection refused: getsockopt> (0x000000060b4b35a8) 
thrown [s\open\src\hotspot\share\prims\jni.cpp, line 539]
Event: 12568.819 Thread 0x000001bc61212220 Exception <a 'java/net/ConnectException'{0x000000060b4b40e8}: Connection refused: getsockopt> (0x000000060b4b40e8) 
thrown [s\open\src\hotspot\share\prims\jni.cpp, line 539]
Event: 12568.881 Thread 0x000001bc612135d0 Exception <a 'java/net/ConnectException'{0x000000060b50e1e8}: Connection refused: getsockopt> (0x000000060b50e1e8) 
thrown [s\open\src\hotspot\share\prims\jni.cpp, line 539]
Event: 12568.882 Thread 0x000001bc612135d0 Exception <a 'java/net/ConnectException'{0x000000060b50ed28}: Connection refused: getsockopt> (0x000000060b50ed28) 
thrown [s\open\src\hotspot\share\prims\jni.cpp, line 539]
Event: 12568.894 Thread 0x000001bc612135d0 Exception <a 'java/net/ConnectException'{0x000000060b5ac858}: Connection refused: getsockopt> (0x000000060b5ac858) 
thrown [s\open\src\hotspot\share\prims\jni.cpp, line 539]
Event: 12568.895 Thread 0x000001bc612135d0 Exception <a 'java/net/ConnectException'{0x000000060b5ad398}: Connection refused: getsockopt> (0x000000060b5ad398) 
thrown [s\open\src\hotspot\share\prims\jni.cpp, line 539]
Event: 86586.498 Thread 0x000001bc61212220 Implicit null exception at 0x000001bc07eaccda to 0x000001bc07eaf284
Event: 88627.329 Thread 0x000001bc61212220 Implicit null exception at 0x000001bc07ea92da to 0x000001bc07eab884
Event: 92649.250 Thread 0x000001bc61212220 Implicit null exception at 0x000001bc07d38493 to 0x000001bc07d3858d
Event: 92649.251 Thread 0x000001bc61212220 Implicit null exception at 0x000001bc081e467c to 0x000001bc081e7a80

ZGC Phase Switch (0 events):
No events

VM Operations (20 events):
Event: 125578.323 Executing VM operation: RendezvousGCThreads
Event: 125578.323 Executing VM operation: RendezvousGCThreads done
Event: 126200.577 Executing VM operation: Cleanup
Event: 126200.577 Executing VM operation: Cleanup done
Event: 126771.485 Executing VM operation: Cleanup
Event: 126771.485 Executing VM operation: Cleanup done
Event: 127491.394 Executing VM operation: Cleanup
Event: 127491.394 Executing VM operation: Cleanup done
Event: 128475.505 Executing VM operation: Cleanup
Event: 128475.505 Executing VM operation: Cleanup done
Event: 128603.200 Executing VM operation: Cleanup
Event: 128603.200 Executing VM operation: Cleanup done
Event: 130266.333 Executing VM operation: G1CollectForAllocation (G1 Evacuation Pause)
Event: 130266.339 Executing VM operation: G1CollectForAllocation (G1 Evacuation Pause) done
Event: 130945.180 Executing VM operation: Cleanup
Event: 130945.180 Executing VM operation: Cleanup done
Event: 131568.287 Executing VM operation: Cleanup
Event: 131568.287 Executing VM operation: Cleanup done
Event: 131875.438 Executing VM operation: Cleanup
Event: 131875.438 Executing VM operation: Cleanup done

Events (20 events):
Event: 131596.559 Thread 0x000001bc637d7e30 Thread added: 0x000001bc637d7e30
Event: 131596.561 Thread 0x000001bc637d5d60 Thread added: 0x000001bc637d5d60
Event: 131601.565 Thread 0x000001bc637d7e30 Thread exited: 0x000001bc637d7e30
Event: 131601.714 Thread 0x000001bc637d5d60 Thread exited: 0x000001bc637d5d60
Event: 131656.691 Thread 0x000001bc637d63f0 Thread exited: 0x000001bc637d63f0
Event: 131762.539 Thread 0x000001bc637d5d60 Thread added: 0x000001bc637d5d60
Event: 131762.542 Thread 0x000001bc637d63f0 Thread added: 0x000001bc637d63f0
Event: 131762.645 Thread 0x000001bc637d7e30 Thread added: 0x000001bc637d7e30
Event: 131767.546 Thread 0x000001bc637d5d60 Thread exited: 0x000001bc637d5d60
Event: 131767.689 Thread 0x000001bc637d63f0 Thread exited: 0x000001bc637d63f0
Event: 131772.022 Thread 0x000001bc637d5d60 Thread added: 0x000001bc637d5d60
Event: 131772.025 Thread 0x000001bc637d63f0 Thread added: 0x000001bc637d63f0
Event: 131777.038 Thread 0x000001bc637d5d60 Thread exited: 0x000001bc637d5d60
Event: 131777.195 Thread 0x000001bc637d63f0 Thread exited: 0x000001bc637d63f0
Event: 131832.168 Thread 0x000001bc637d7e30 Thread exited: 0x000001bc637d7e30
Event: 131844.811 Thread 0x000001bc637d5d60 Thread added: 0x000001bc637d5d60
Event: 131844.814 Thread 0x000001bc637d7e30 Thread added: 0x000001bc637d7e30
Event: 131844.910 Thread 0x000001bc637d63f0 Thread added: 0x000001bc637d63f0
Event: 131849.820 Thread 0x000001bc637d5d60 Thread exited: 0x000001bc637d5d60
Event: 131849.962 Thread 0x000001bc637d7e30 Thread exited: 0x000001bc637d7e30


Dynamic libraries:
0x00007ff716650000 - 0x00007ff716660000 	C:\Program Files\Java\jdk-21\bin\java.exe
0x00007ffa1f180000 - 0x00007ffa1f3e8000 	C:\Windows\SYSTEM32\ntdll.dll
0x00007ffa1e3b0000 - 0x00007ffa1e479000 	C:\Windows\System32\KERNEL32.DLL
0x00007ffa1c2d0000 - 0x00007ffa1c6c8000 	C:\Windows\System32\KERNELBASE.dll
0x00007ffa1c800000 - 0x00007ffa1c94b000 	C:\Windows\System32\ucrtbase.dll
0x00007ff9d3440000 - 0x00007ff9d345b000 	C:\Program Files\Java\jdk-21\bin\VCRUNTIME140.dll
0x00007ff9fa4a0000 - 0x00007ff9fa4b9000 	C:\Program Files\Java\jdk-21\bin\jli.dll
0x00007ffa1e180000 - 0x00007ffa1e234000 	C:\Windows\System32\ADVAPI32.dll
0x00007ffa1f090000 - 0x00007ffa1f139000 	C:\Windows\System32\msvcrt.dll
0x00007ffa1d0d0000 - 0x00007ffa1d176000 	C:\Windows\System32\sechost.dll
0x00007ffa1e990000 - 0x00007ffa1eaa8000 	C:\Windows\System32\RPCRT4.dll
0x00007ffa1eba0000 - 0x00007ffa1ed67000 	C:\Windows\System32\USER32.dll
0x00007ffa1ce60000 - 0x00007ffa1ce87000 	C:\Windows\System32\win32u.dll
0x00007ff9eef40000 - 0x00007ff9ef1d4000 	C:\Windows\WinSxS\amd64_microsoft.windows.common-controls_6595b64144ccf1df_6.0.26100.7019_none_3e06ffa0e335b8a8\COMCTL32.dll
0x00007ffa1e380000 - 0x00007ffa1e3ab000 	C:\Windows\System32\GDI32.dll
0x00007ffa1c6d0000 - 0x00007ffa1c7fc000 	C:\Windows\System32\gdi32full.dll
0x00007ffa1c950000 - 0x00007ffa1c9f3000 	C:\Windows\System32\msvcp_win.dll
0x00007ff9faa40000 - 0x00007ff9faa4b000 	C:\Windows\SYSTEM32\VERSION.dll
0x00007ffa1e340000 - 0x00007ffa1e371000 	C:\Windows\System32\IMM32.DLL
0x000001bc75830000 - 0x000001bc75846000 	C:\Windows\System32\umppc19907.dll
0x00007ff9fa8d0000 - 0x00007ff9fa8dc000 	C:\Program Files\Java\jdk-21\bin\vcruntime140_1.dll
0x00007ff975990000 - 0x00007ff975a1e000 	C:\Program Files\Java\jdk-21\bin\msvcp140.dll
0x00007ff94f070000 - 0x00007ff94fd8d000 	C:\Program Files\Java\jdk-21\bin\server\jvm.dll
0x00007ffa1d040000 - 0x00007ffa1d0b4000 	C:\Windows\System32\WS2_32.dll
0x00007ffa1c130000 - 0x00007ffa1c18e000 	C:\Windows\SYSTEM32\POWRPROF.dll
0x00007ffa16520000 - 0x00007ffa16555000 	C:\Windows\SYSTEM32\WINMM.dll
0x00007ffa1c110000 - 0x00007ffa1c124000 	C:\Windows\SYSTEM32\UMPDC.dll
0x00007ffa1b020000 - 0x00007ffa1b03b000 	C:\Windows\SYSTEM32\kernel.appcore.dll
0x00007ff9fa4e0000 - 0x00007ff9fa4ea000 	C:\Program Files\Java\jdk-21\bin\jimage.dll
0x00007ffa19a60000 - 0x00007ffa19ca2000 	C:\Windows\SYSTEM32\DBGHELP.DLL
0x00007ffa1d290000 - 0x00007ffa1d61b000 	C:\Windows\System32\combase.dll
0x00007ffa1cf60000 - 0x00007ffa1d037000 	C:\Windows\System32\OLEAUT32.dll
0x00007ff9f2f40000 - 0x00007ff9f2f7c000 	C:\Windows\SYSTEM32\dbgcore.DLL
0x00007ffa1cdb0000 - 0x00007ffa1ce55000 	C:\Windows\System32\bcryptPrimitives.dll
0x00007ff9f88f0000 - 0x00007ff9f88ff000 	C:\Program Files\Java\jdk-21\bin\instrument.dll
0x00007ff9cf530000 - 0x00007ff9cf54f000 	C:\Program Files\Java\jdk-21\bin\java.dll
0x00007ffa1d6a0000 - 0x00007ffa1ddef000 	C:\Windows\System32\SHELL32.dll
0x00007ffa1ca00000 - 0x00007ffa1cb6b000 	C:\Windows\System32\wintypes.dll
0x00007ffa19e80000 - 0x00007ffa1a6dd000 	C:\Windows\SYSTEM32\windows.storage.dll
0x00007ffa1e240000 - 0x00007ffa1e332000 	C:\Windows\System32\SHCORE.dll
0x00007ffa1edf0000 - 0x00007ffa1ee57000 	C:\Windows\System32\shlwapi.dll
0x00007ffa1c1f0000 - 0x00007ffa1c219000 	C:\Windows\SYSTEM32\profapi.dll
0x00007ff9750c0000 - 0x00007ff975197000 	C:\Program Files\Java\jdk-21\bin\jsvml.dll
0x00007ff9cf510000 - 0x00007ff9cf528000 	C:\Program Files\Java\jdk-21\bin\zip.dll
0x00007ff9fa490000 - 0x00007ff9fa4a0000 	C:\Program Files\Java\jdk-21\bin\net.dll
0x00007ffa0cbf0000 - 0x00007ffa0cd18000 	C:\Windows\SYSTEM32\WINHTTP.dll
0x00007ffa1b570000 - 0x00007ffa1b5db000 	C:\Windows\system32\mswsock.dll
0x00007ff9cf4f0000 - 0x00007ff9cf506000 	C:\Program Files\Java\jdk-21\bin\nio.dll
0x00007ff9fa140000 - 0x00007ff9fa149000 	C:\Program Files\Java\jdk-21\bin\extnet.dll
0x00007ffa1aba0000 - 0x00007ffa1accc000 	C:\Windows\SYSTEM32\DNSAPI.dll
0x00007ffa1ab60000 - 0x00007ffa1ab94000 	C:\Windows\SYSTEM32\IPHLPAPI.DLL
0x00007ffa1eb00000 - 0x00007ffa1eb0a000 	C:\Windows\System32\NSI.dll
0x00007ffa0ba20000 - 0x00007ffa0ba2b000 	C:\Windows\System32\rasadhlp.dll
0x00007ffa0d6f0000 - 0x00007ffa0d776000 	C:\Windows\System32\fwpuclnt.dll
0x00007ff9fa380000 - 0x00007ff9fa38e000 	C:\Program Files\Java\jdk-21\bin\sunmscapi.dll
0x00007ffa1cb70000 - 0x00007ffa1cce7000 	C:\Windows\System32\CRYPT32.dll
0x00007ffa1bae0000 - 0x00007ffa1bb10000 	C:\Windows\SYSTEM32\ncrypt.dll
0x00007ffa1ba90000 - 0x00007ffa1bacf000 	C:\Windows\SYSTEM32\NTASN1.dll
0x00007ffa1b960000 - 0x00007ffa1b97b000 	C:\Windows\SYSTEM32\CRYPTSP.dll
0x00007ffa1af80000 - 0x00007ffa1afba000 	C:\Windows\system32\rsaenh.dll
0x00007ffa1b620000 - 0x00007ffa1b64b000 	C:\Windows\SYSTEM32\USERENV.dll
0x00007ffa1c1c0000 - 0x00007ffa1c1ea000 	C:\Windows\SYSTEM32\bcrypt.dll
0x00007ffa1b7c0000 - 0x00007ffa1b7cc000 	C:\Windows\SYSTEM32\CRYPTBASE.dll
0x00007ff9f88e0000 - 0x00007ff9f88ea000 	C:\Program Files\Java\jdk-21\bin\management.dll
0x00007ff9f5090000 - 0x00007ff9f509b000 	C:\Program Files\Java\jdk-21\bin\management_ext.dll
0x00007ffa1d180000 - 0x00007ffa1d188000 	C:\Windows\System32\PSAPI.DLL
0x00007ff9f2720000 - 0x00007ff9f2738000 	C:\Windows\system32\napinsp.dll
0x00007ff9e26f0000 - 0x00007ff9e2702000 	C:\Windows\System32\winrnr.dll
0x00007ff9e26c0000 - 0x00007ff9e26e2000 	C:\Windows\system32\nlansp_c.dll
0x00007ffa08ee0000 - 0x00007ffa08ef6000 	C:\Windows\system32\wshbth.dll
0x00007ff9d3080000 - 0x00007ff9d3090000 	C:\Program Files\Java\jdk-21\bin\verify.dll
0x00007ff9f3770000 - 0x00007ff9f3778000 	C:\Windows\system32\wshunix.dll

dbghelp: loaded successfully - version: 4.0.5 - missing functions: none
symbol engine: initialized successfully - sym options: 0x614 - pdb path: .;C:\Program Files\Java\jdk-21\bin;C:\Windows\SYSTEM32;C:\Windows\WinSxS\amd64_microsoft.windows.common-controls_6595b64144ccf1df_6.0.26100.7019_none_3e06ffa0e335b8a8;C:\Program Files\Java\jdk-21\bin\server

VM Arguments:
jvm_args: -javaagent:C:\Program Files\JetBrains\IntelliJ IDEA Community Edition 2025.2.2\lib\idea_rt.jar=55234 -Dfile.encoding=UTF-8 -Dsun.stdout.encoding=UTF-8 -Dsun.stderr.encoding=UTF-8 
java_command: com.ofss.KycService.KycServiceApplication
java_class_path (initial): C:\Users\sacbhaga\Desktop\Bank\KycService\target\classes;C:\Users\sacbhaga\.m2\repository\org\springframework\boot\spring-boot-starter-data-jpa\3.5.6\spring-boot-starter-data-jpa-3.5.6.jar;C:\Users\sacbhaga\.m2\repository\org\springframework\boot\spring-boot-starter\3.5.6\spring-boot-starter-3.5.6.jar;C:\Users\sacbhaga\.m2\repository\org\springframework\boot\spring-boot\3.5.6\spring-boot-3.5.6.jar;C:\Users\sacbhaga\.m2\repository\org\springframework\boot\spring-boot-autoconfigure\3.5.6\spring-boot-autoconfigure-3.5.6.jar;C:\Users\sacbhaga\.m2\repository\org\springframework\boot\spring-boot-starter-logging\3.5.6\spring-boot-starter-logging-3.5.6.jar;C:\Users\sacbhaga\.m2\repository\ch\qos\logback\logback-classic\1.5.18\logback-classic-1.5.18.jar;C:\Users\sacbhaga\.m2\repository\ch\qos\logback\logback-core\1.5.18\logback-core-1.5.18.jar;C:\Users\sacbhaga\.m2\repository\org\apache\logging\log4j\log4j-to-slf4j\2.24.3\log4j-to-slf4j-2.24.3.jar;C:\Users\sacbhaga\.m2\repository\org\apache\logging\log4j\log4j-api\2.24.3\log4j-api-2.24.3.jar;C:\Users\sacbhaga\.m2\repository\org\slf4j\jul-to-slf4j\2.0.17\jul-to-slf4j-2.0.17.jar;C:\Users\sacbhaga\.m2\repository\jakarta\annotation\jakarta.annotation-api\2.1.1\jakarta.annotation-api-2.1.1.jar;C:\Users\sacbhaga\.m2\repository\org\yaml\snakeyaml\2.4\snakeyaml-2.4.jar;C:\Users\sacbhaga\.m2\repository\org\springframework\boot\spring-boot-starter-jdbc\3.5.6\spring-boot-starter-jdbc-3.5.6.jar;C:\Users\sacbhaga\.m2\repository\com\zaxxer\HikariCP\6.3.3\HikariCP-6.3.3.jar;C:\Users\sacbhaga\.m2\repository\org\springframework\spring-jdbc\6.2.11\spring-jdbc-6.2.11.jar;C:\Users\sacbhaga\.m2\repository\org\hibernate\orm\hibernate-core\6.6.29.Final\hibernate-core-6.6.29.Final.jar;C:\Users\sacbhaga\.m2\repository\jakarta\persistence\jakarta.persistence-api\3.1.0\jakarta.persistence-api-3.1.0.jar;C:\Users\sacbhaga\.m2\repository\jakarta\transaction\jakarta.transaction-api\2.0.1\jakarta.transaction-api-2.0.1.jar;C:\Users\sacbhaga\.m2\repository\org\jboss\logging\jboss-logging\3.6.1.Final\jboss-logging-3.6.1.Final.jar;C:\Users\sacbhaga\.m2\repository\org\hibernate\common\hibernate-commons-annotations\7.0.3.Final\hibernate-commons-annotations-7.0.3.Final.jar;C:\Users\sacbhaga\.m2\repository\io\smallrye\jandex\3.2.0\jandex-3.2.0.jar;C:\Users\sacbhaga\.m2\repository\com\fasterxml\classmate\1.7.0\classmate-1.7.0.jar;C:\Users\sacbhaga\.m2\repository\net\bytebuddy\byte-buddy\1.17.7\byte-buddy-1.17.7.jar;C:\Users\sacbhaga\.m2\repository\org\glassfish\jaxb\jaxb-runtime\4.0.5\jaxb-runtime-4.0.5.jar;C:\Users\sacbhaga\.m2\repository\org\glassfish\jaxb\jaxb-core\4.0.5\jaxb-core-4.0.5.jar;C:\Users\sacbhaga\.m2\repository\org\eclipse\angus\angus-activation\2.0.2\angus-activation-2.0.2.jar;C:\Users\sacbhaga\.m2\repository\org\glassfish\jaxb\txw2\4.0.5\txw2-4.0.5.jar;C:\Users\sacbhaga\.m2\repository\com\sun\istack\istack-commons-runtime\4.1.2\istack-commons-runtime-4.1.2.jar;C:\Users\sacbhaga\.m2\repository\jakarta\inject\jakarta.inject-api\2.0.1\jakarta.inject-api-2.0.1.jar;C:\Users\sacbhaga\.m2\repository\org\antlr\antlr4-runtime\4.13.0\antlr4-runtime-4.13.0.jar;C:\Users\sacbhaga\.m2\repository\org\springframework\data\spring-data-jpa\3.5.4\spring-data-jpa-3.5.4.jar;C:\Users\sacbhaga\.m2\repository\org\springframework\data\spring-data-commons\3.5.4\spring-data-commons-3.5.4.jar;C:\Users\sacbhaga\.m2\repository\org\springframework\spring-orm\6.2.11\spring-orm-6.2.11.jar;C:\Users\sacbhaga\.m2\repository\org\springframework\spring-aop\6.2.11\spring-aop-6.2.11.jar;C:\Users\sacbhaga\.m2\repository\org\springframework\spring-beans\6.2.11\spring-beans-6.2.11.jar;C:\Users\sacbhaga\.m2\repository\org\slf4j\slf4j-api\2.0.17\slf4j-api-2.0.17.jar;C:\Users\sacbhaga\.m2\repository\org\springframework\spring-aspects\6.2.11\spring-aspects-6.2.11.jar;C:\Users\sacbhaga\.m2\repository\org\aspectj\aspectjweaver\1.9.24\aspectjweaver-1.9.24.jar;C:\Users\sacbhaga\.m2\repository\org\springframework\boot\spring-boot-starter-webflux\3.5.6\spring-boot-starter-webflux-3.5.6.jar;C:\Users\sacbhaga\.m2\repository\org\springframework\boot\spring-boot-starter-json\3.5.6\spring-boot-starter-json-3.5.6.jar;C:\Users\sacbhaga\.m2\repository\com\fasterxml\jackson\datatype\jackson-datatype-jdk8\2.19.2\jackson-datatype-jdk8-2.19.2.jar;C:\Users\sacbhaga\.m2\repository\com\fasterxml\jackson\datatype\jackson-datatype-jsr310\2.19.2\jackson-datatype-jsr310-2.19.2.jar;C:\Users\sacbhaga\.m2\repository\com\fasterxml\jackson\module\jackson-module-parameter-names\2.19.2\jackson-module-parameter-names-2.19.2.jar;C:\Users\sacbhaga\.m2\repository\org\springframework\boot\spring-boot-starter-reactor-netty\3.5.6\spring-boot-starter-reactor-netty-3.5.6.jar;C:\Users\sacbhaga\.m2\repository\io\projectreactor\netty\reactor-netty-http\1.2.10\reactor-netty-http-1.2.10.jar;C:\Users\sacbhaga\.m2\repository\io\netty\netty-codec-http\4.1.127.Final\netty-codec-http-4.1.127.Final.jar;C:\Users\sacbhaga\.m2\repository\io\netty\netty-common\4.1.127.Final\netty-common-4.1.127.Final.jar;C:\Users\sacbhaga\.m2\repository\io\netty\netty-buffer\4.1.127.Final\netty-buffer-4.1.127.Final.jar;C:\Users\sacbhaga\.m2\repository\io\netty\netty-transport\4.1.127.Final\netty-transport-4.1.127.Final.jar;C:\Users\sacbhaga\.m2\repository\io\netty\netty-codec\4.1.127.Final\netty-codec-4.1.127.Final.jar;C:\Users\sacbhaga\.m2\repository\io\netty\netty-handler\4.1.127.Final\netty-handler-4.1.127.Final.jar;C:\Users\sacbhaga\.m2\repository\io\netty\netty-codec-http2\4.1.127.Final\netty-codec-http2-4.1.127.Final.jar;C:\Users\sacbhaga\.m2\repository\io\netty\netty-resolver-dns\4.1.127.Final\netty-resolver-dns-4.1.127.Final.jar;C:\Users\sacbhaga\.m2\repository\io\netty\netty-resolver\4.1.127.Final\netty-resolver-4.1.127.Final.jar;C:\Users\sacbhaga\.m2\repository\io\netty\netty-codec-dns\4.1.127.Final\netty-codec-dns-4.1.127.Final.jar;C:\Users\sacbhaga\.m2\repository\io\netty\netty-resolver-dns-native-macos\4.1.127.Final\netty-resolver-dns-native-macos-4.1.127.Final-osx-x86_64.jar;C:\Users\sacbhaga\.m2\repository\io\netty\netty-resolver-dns-classes-macos\4.1.127.Final\netty-resolver-dns-classes-macos-4.1.127.Final.jar;C:\Users\sacbhaga\.m2\repository\io\netty\netty-transport-native-epoll\4.1.127.Final\netty-transport-native-epoll-4.1.127.Final-linux-x86_64.jar;C:\Users\sacbhaga\.m2\repository\io\netty\netty-transport-native-unix-common\4.1.127.Final\netty-transport-native-unix-common-4.1.127.Final.jar;C:\Users\sacbhaga\.m2\repository\io\netty\netty-transport-classes-epoll\4.1.127.Final\netty-transport-classes-epoll-4.1.127.Final.jar;C:\Users\sacbhaga\.m2\repository\io\projectreactor\netty\reactor-netty-core\1.2.10\reactor-netty-core-1.2.10.jar;C:\Users\sacbhaga\.m2\repository\io\netty\netty-handler-proxy\4.1.127.Final\netty-handler-proxy-4.1.127.Final.jar;C:\Users\sacbhaga\.m2\repository\io\netty\netty-codec-socks\4.1.127.Final\netty-codec-socks-4.1.127.Final.jar;C:\Users\sacbhaga\.m2\repository\org\springframework\spring-web\6.2.11\spring-web-6.2.11.jar;C:\Users\sacbhaga\.m2\repository\org\springframework\spring-webflux\6.2.11\spring-webflux-6.2.11.jar;C:\Users\sacbhaga\.m2\repository\io\projectreactor\reactor-core\3.7.11\reactor-core-3.7.11.jar;C:\Users\sacbhaga\.m2\repository\org\reactivestreams\reactive-streams\1.0.4\reactive-streams-1.0.4.jar;C:\Users\sacbhaga\.m2\repository\org\springframework\boot\spring-boot-starter-validation\3.5.6\spring-boot-starter-validation-3.5.6.jar;C:\Users\sacbhaga\.m2\repository\org\apache\tomcat\embed\tomcat-embed-el\10.1.46\tomcat-embed-el-10.1.46.jar;C:\Users\sacbhaga\.m2\repository\org\hibernate\validator\hibernate-validator\8.0.3.Final\hibernate-validator-8.0.3.Final.jar;C:\Users\sacbhaga\.m2\repository\jakarta\validation\jakarta.validation-api\3.0.2\jakarta.validation-api-3.0.2.jar;C:\Users\sacbhaga\.m2\repository\org\springframework\boot\spring-boot-starter-web\3.5.6\spring-boot-starter-web-3.5.6.jar;C:\Users\sacbhaga\.m2\repository\org\springframework\boot\spring-boot-starter-tomcat\3.5.6\spring-boot-starter-tomcat-3.5.6.jar;C:\Users\sacbhaga\.m2\repository\org\apache\tomcat\embed\tomcat-embed-core\10.1.46\tomcat-embed-core-10.1.46.jar;C:\Users\sacbhaga\.m2\repository\org\apache\tomcat\embed\tomcat-embed-websocket\10.1.46\tomcat-embed-websocket-10.1.46.jar;C:\Users\sacbhaga\.m2\repository\org\springframework\spring-webmvc\6.2.11\spring-webmvc-6.2.11.jar;C:\Users\sacbhaga\.m2\repository\org\springframework\spring-expression\6.2.11\spring-expression-6.2.11.jar;C:\Users\sacbhaga\.m2\repository\org\springframework\cloud\spring-cloud-starter-netflix-eureka-client\4.3.0\spring-cloud-starter-netflix-eureka-client-4.3.0.jar;C:\Users\sacbhaga\.m2\repository\org\springframework\cloud\spring-cloud-starter\4.3.0\spring-cloud-starter-4.3.0.jar;C:\Users\sacbhaga\.m2\repository\org\springframework\cloud\spring-cloud-context\4.3.0\spring-cloud-context-4.3.0.jar;C:\Users\sacbhaga\.m2\repository\org\springframework\security\spring-security-crypto\6.5.5\spring-security-crypto-6.5.5.jar;C:\Users\sacbhaga\.m2\repository\org\springframework\cloud\spring-cloud-commons\4.3.0\spring-cloud-commons-4.3.0.jar;C:\Users\sacbhaga\.m2\repository\org\bouncycastle\bcprov-jdk18on\1.80\bcprov-jdk18on-1.80.jar;C:\Users\sacbhaga\.m2\repository\org\springframework\cloud\spring-cloud-netflix-eureka-client\4.3.0\spring-cloud-netflix-eureka-client-4.3.0.jar;C:\Users\sacbhaga\.m2\repository\org\apache\httpcomponents\client5\httpclient5\5.5\httpclient5-5.5.jar;C:\Users\sacbhaga\.m2\repository\org\apache\httpcomponents\core5\httpcore5\5.3.5\httpcore5-5.3.5.jar;C:\Users\sacbhaga\.m2\repository\org\apache\httpcomponents\core5\httpcore5-h2\5.3.5\httpcore5-h2-5.3.5.jar;C:\Users\sacbhaga\.m2\repository\com\netflix\eureka\eureka-client\2.0.4\eureka-client-2.0.4.jar;C:\Users\sacbhaga\.m2\repository\com\thoughtworks\xstream\xstream\1.4.20\xstream-1.4.20.jar;C:\Users\sacbhaga\.m2\repository\io\github\x-stream\mxparser\1.2.2\mxparser-1.2.2.jar;C:\Users\sacbhaga\.m2\repository\xmlpull\xmlpull\1.1.3.1\xmlpull-1.1.3.1.jar;C:\Users\sacbhaga\.m2\repository\jakarta\ws\rs\jakarta.ws.rs-api\3.1.0\jakarta.ws.rs-api-3.1.0.jar;C:\Users\sacbhaga\.m2\repository\com\netflix\spectator\spectator-api\1.7.3\spectator-api-1.7.3.jar;C:\Users\sacbhaga\.m2\repository\org\apache\httpcomponents\httpclient\4.5.3\httpclient-4.5.3.jar;C:\Users\sacbhaga\.m2\repository\org\apache\httpcomponents\httpcore\4.4.16\httpcore-4.4.16.jar;C:\Users\sacbhaga\.m2\repository\commons-codec\commons-codec\1.18.0\commons-codec-1.18.0.jar;C:\Users\sacbhaga\.m2\repository\commons-configuration\commons-configuration\1.10\commons-configuration-1.10.jar;C:\Users\sacbhaga\.m2\repository\commons-lang\commons-lang\2.6\commons-lang-2.6.jar;C:\Users\sacbhaga\.m2\repository\com\fasterxml\jackson\core\jackson-annotations\2.19.2\jackson-annotations-2.19.2.jar;C:\Users\sacbhaga\.m2\repository\com\fasterxml\jackson\core\jackson-core\2.19.2\jackson-core-2.19.2.jar;C:\Users\sacbhaga\.m2\repository\com\netflix\netflix-commons\netflix-eventbus\0.3.0\netflix-eventbus-0.3.0.jar;C:\Users\sacbhaga\.m2\repository\com\netflix\netflix-commons\netflix-infix\0.3.0\netflix-infix-0.3.0.jar;C:\Users\sacbhaga\.m2\repository\commons-jxpath\commons-jxpath\1.3\commons-jxpath-1.3.jar;C:\Users\sacbhaga\.m2\repository\joda-time\joda-time\2.3\joda-time-2.3.jar;C:\Users\sacbhaga\.m2\repository\org\antlr\antlr-runtime\3.4\antlr-runtime-3.4.jar;C:\Users\sacbhaga\.m2\repository\org\antlr\stringtemplate\3.2.1\stringtemplate-3.2.1.jar;C:\Users\sacbhaga\.m2\repository\antlr\antlr\2.7.7\antlr-2.7.7.jar;C:\Users\sacbhaga\.m2\repository\com\google\guava\guava\14.0.1\guava-14.0.1.jar;C:\Users\sacbhaga\.m2\repository\com\google\code\gson\gson\2.13.2\gson-2.13.2.jar;C:\Users\sacbhaga\.m2\repository\com\google\errorprone\error_prone_annotations\2.41.0\error_prone_annotations-2.41.0.jar;C:\Users\sacbhaga\.m2\repository\com\netflix\servo\servo-core\0.5.3\servo-core-0.5.3.jar;C:\Users\sacbhaga\.m2\repository\org\apache\commons\commons-math\2.2\commons-math-2.2.jar;C:\Users\sacbhaga\.m2\repository\javax\annotation\javax.annotation-api\1.2\javax.annotation-api-1.2.jar;C:\Users\sacbhaga\.m2\repository\org\codehaus\jettison\jettison\1.5.4\jettison-1.5.4.jar;C:\Users\sacbhaga\.m2\repository\org\springframework\cloud\spring-cloud-starter-loadbalancer\4.3.0\spring-cloud-starter-loadbalancer-4.3.0.jar;C:\Users\sacbhaga\.m2\repository\org\springframework\cloud\spring-cloud-loadbalancer\4.3.0\spring-cloud-loadbalancer-4.3.0.jar;C:\Users\sacbhaga\.m2\repository\io\projectreactor\addons\reactor-extra\3.5.3\reactor-extra-3.5.3.jar;C:\Users\sacbhaga\.m2\repository\org\springframework\boot\spring-boot-starter-cache\3.5.6\spring-boot-starter-cache-3.5.6.jar;C:\Users\sacbhaga\.m2\repository\org\springframework\spring-context-support\6.2.11\spring-context-support-6.2.11.jar;C:\Users\sacbhaga\.m2\repository\com\stoyanr\evictor\1.0.0\evictor-1.0.0.jar;C:\Users\sacbhaga\.m2\repository\com\oracle\database\jdbc\ojdbc11\23.7.0.25.01\ojdbc11-23.7.0.25.01.jar;C:\Users\sacbhaga\.m2\repository\org\projectlombok\lombok\1.18.40\lombok-1.18.40.jar;C:\Users\sacbhaga\.m2\repository\org\springframework\kafka\spring-kafka\3.3.10\spring-kafka-3.3.10.jar;C:\Users\sacbhaga\.m2\repository\org\springframework\spring-context\6.2.11\spring-context-6.2.11.jar;C:\Users\sacbhaga\.m2\repository\org\springframework\spring-messaging\6.2.11\spring-messaging-6.2.11.jar;C:\Users\sacbhaga\.m2\repository\org\springframework\spring-tx\6.2.11\spring-tx-6.2.11.jar;C:\Users\sacbhaga\.m2\repository\org\springframework\retry\spring-retry\2.0.12\spring-retry-2.0.12.jar;C:\Users\sacbhaga\.m2\repository\org\apache\kafka\kafka-clients\3.9.1\kafka-clients-3.9.1.jar;C:\Users\sacbhaga\.m2\repository\com\github\luben\zstd-jni\1.5.6-4\zstd-jni-1.5.6-4.jar;C:\Users\sacbhaga\.m2\repository\org\lz4\lz4-java\1.8.0\lz4-java-1.8.0.jar;C:\Users\sacbhaga\.m2\repository\org\xerial\snappy\snappy-java\1.1.10.5\snappy-java-1.1.10.5.jar;C:\Users\sacbhaga\.m2\repository\io\micrometer\micrometer-observation\1.15.4\micrometer-observation-1.15.4.jar;C:\Users\sacbhaga\.m2\repository\io\micrometer\micrometer-commons\1.15.4\micrometer-commons-1.15.4.jar;C:\Users\sacbhaga\.m2\repository\org\springdoc\springdoc-openapi-starter-webmvc-ui\2.8.13\springdoc-openapi-starter-webmvc-ui-2.8.13.jar;C:\Users\sacbhaga\.m2\repository\org\springdoc\springdoc-openapi-starter-webmvc-api\2.8.13\springdoc-openapi-starter-webmvc-api-2.8.13.jar;C:\Users\sacbhaga\.m2\repository\org\springdoc\springdoc-openapi-starter-common\2.8.13\springdoc-openapi-starter-common-2.8.13.jar;C:\Users\sacbhaga\.m2\repository\io\swagger\core\v3\swagger-core-jakarta\2.2.36\swagger-core-jakarta-2.2.36.jar;C:\Users\sacbhaga\.m2\repository\org\apache\commons\commons-lang3\3.17.0\commons-lang3-3.17.0.jar;C:\Users\sacbhaga\.m2\repository\io\swagger\core\v3\swagger-annotations-jakarta\2.2.36\swagger-annotations-jakarta-2.2.36.jar;C:\Users\sacbhaga\.m2\repository\io\swagger\core\v3\swagger-models-jakarta\2.2.36\swagger-models-jakarta-2.2.36.jar;C:\Users\sacbhaga\.m2\repository\com\fasterxml\jackson\dataformat\jackson-dataformat-yaml\2.19.2\jackson-dataformat-yaml-2.19.2.jar;C:\Users\sacbhaga\.m2\repository\org\webjars\swagger-ui\5.28.1\swagger-ui-5.28.1.jar;C:\Users\sacbhaga\.m2\repository\org\webjars\webjars-locator-lite\1.1.0\webjars-locator-lite-1.1.0.jar;C:\Users\sacbhaga\.m2\repository\org\jspecify\jspecify\1.0.0\jspecify-1.0.0.jar;C:\Users\sacbhaga\.m2\repository\org\springframework\cloud\spring-cloud-starter-config\4.3.0\spring-cloud-starter-config-4.3.0.jar;C:\Users\sacbhaga\.m2\repository\org\springframework\cloud\spring-cloud-config-client\4.3.0\spring-cloud-config-client-4.3.0.jar;C:\Users\sacbhaga\.m2\repository\com\fasterxml\jackson\core\jackson-databind\2.19.2\jackson-databind-2.19.2.jar;C:\Users\sacbhaga\.m2\repository\jakarta\xml\bind\jakarta.xml.bind-api\4.0.2\jakarta.xml.bind-api-4.0.2.jar;C:\Users\sacbhaga\.m2\repository\jakarta\activation\jakarta.activation-api\2.1.4\jakarta.activation-api-2.1.4.jar;C:\Users\sacbhaga\.m2\repository\org\springframework\spring-core\6.2.11\spring-core-6.2.11.jar;C:\Users\sacbhaga\.m2\repository\org\springframework\spring-jcl\6.2.11\spring-jcl-6.2.11.jar
Launcher Type: SUN_STANDARD

[Global flags]
     intx CICompilerCount                          = 4                                         {product} {ergonomic}
     uint ConcGCThreads                            = 2                                         {product} {ergonomic}
     uint G1ConcRefinementThreads                  = 8                                         {product} {ergonomic}
   size_t G1HeapRegionSize                         = 4194304                                   {product} {ergonomic}
    uintx GCDrainStackTargetSize                   = 64                                        {product} {ergonomic}
   size_t InitialHeapSize                          = 532676608                                 {product} {ergonomic}
   size_t MarkStackSize                            = 4194304                                   {product} {ergonomic}
   size_t MaxHeapSize                              = 8476688384                                {product} {ergonomic}
   size_t MaxNewSize                               = 5083496448                                {product} {ergonomic}
   size_t MinHeapDeltaBytes                        = 4194304                                   {product} {ergonomic}
   size_t MinHeapSize                              = 8388608                                   {product} {ergonomic}
    uintx NonNMethodCodeHeapSize                   = 5839372                                {pd product} {ergonomic}
    uintx NonProfiledCodeHeapSize                  = 122909434                              {pd product} {ergonomic}
    uintx ProfiledCodeHeapSize                     = 122909434                              {pd product} {ergonomic}
    uintx ReservedCodeCacheSize                    = 251658240                              {pd product} {ergonomic}
     bool SegmentedCodeCache                       = true                                      {product} {ergonomic}
   size_t SoftMaxHeapSize                          = 8476688384                             {manageable} {ergonomic}
     bool UseCompressedOops                        = true                           {product lp64_product} {ergonomic}
     bool UseG1GC                                  = true                                      {product} {ergonomic}
     bool UseLargePagesIndividualAllocation        = false                                  {pd product} {ergonomic}

Logging:
Log output configuration:
 #0: stdout all=warning uptime,level,tags foldmultilines=false
 #1: stderr all=off uptime,level,tags foldmultilines=false

Environment Variables:
JAVA_HOME=C:\Program Files\Java\jdk-21
PATH=C:\Program Files\Common Files\Oracle\Java\javapath;C:\app\oracle\WINDOWS.X64_193000_db_home\bin;C:\app\sacbhaga\product\23ai\dbhomeFree\bin;C:\app\oracle\bin;C:\Users\sacbhaga\Downloads\WINDOWS.X64_193000_db_home\bin;C:\Windows\system32;C:\Windows;C:\Windows\System32\Wbem;C:\Windows\System32\WindowsPowerShell\v1.0\;C:\Windows\System32\OpenSSH\;C:\Program Files\Git\cmd;C:\apache-maven-3.9.11\bin;C:\;C:\ProgramData\chocolatey\bin;C:\Users\sacbhaga\AppData\Local\Microsoft\WindowsApps;C:\Microsoft VS Code\bin;C:\Users\sacbhaga\AppData\Local\Programs\Rancher Desktop\resources\resources\win32\bin\;C:\Users\sacbhaga\AppData\Local\Programs\Rancher Desktop\resources\resources\win32\docker-cli-plugins\;C:\Users\sacbhaga\AppData\Local\Programs\Rancher Desktop\resources\resources\linux\bin\;C:\Users\sacbhaga\AppData\Local\Programs\Rancher Desktop\resources\resources\linux\docker-cli-plugins\;C:\Users\sacbhaga\AppData\Roaming\npm
USERNAME=sacbhaga
OS=Windows_NT
PROCESSOR_IDENTIFIER=Intel64 Family 6 Model 189 Stepping 1, GenuineIntel
TMP=C:\Users\sacbhaga\AppData\Local\Temp
TEMP=C:\Users\sacbhaga\AppData\Local\Temp




Periodic native trim disabled

---------------  S Y S T E M  ---------------

OS:
 Windows 11 , 64 bit Build 26100 (10.0.26100.7019)
OS uptime: 1 days 16:04 hours
Hyper-V role detected

CPU: total 8 (initial active 8) (8 cores per cpu, 1 threads per core) family 6 model 189 stepping 1 microcode 0x11f, cx8, cmov, fxsr, mmx, 3dnowpref, sse, sse2, sse3, ssse3, sse4.1, sse4.2, popcnt, lzcnt, tsc, tscinvbit, avx, avx2, aes, erms, clmul, bmi1, bmi2, adx, sha, fma, vzeroupper, clflush, clflushopt, clwb, hv, serialize, rdtscp, rdpid, fsrm, f16c, cet_ibt, cet_ss
Processor Information for processor 0
  Max Mhz: 2200, Current Mhz: 2024, Mhz Limit: 2200
Processor Information for processor 1
  Max Mhz: 2200, Current Mhz: 2200, Mhz Limit: 2200
Processor Information for processor 2
  Max Mhz: 2200, Current Mhz: 2200, Mhz Limit: 2200
Processor Information for processor 3
  Max Mhz: 2200, Current Mhz: 2024, Mhz Limit: 2200
Processor Information for processor 4
  Max Mhz: 2200, Current Mhz: 2000, Mhz Limit: 2200
Processor Information for processor 5
  Max Mhz: 2200, Current Mhz: 2000, Mhz Limit: 2200
Processor Information for processor 6
  Max Mhz: 2200, Current Mhz: 2200, Mhz Limit: 2200
Processor Information for processor 7
  Max Mhz: 2200, Current Mhz: 2200, Mhz Limit: 2200

Memory: 4k page, system-wide physical 32325M (1764M free)
TotalPageFile size 92955M (AvailPageFile size 2M)
current process WorkingSet (physical memory assigned to process): 261M, peak: 377M
current process commit charge ("private bytes"): 426M, peak: 657M

vm_info: Java HotSpot(TM) 64-Bit Server VM (21.0.8+12-LTS-250) for windows-amd64 JRE (21.0.8+12-LTS-250), built on 2025-06-27T08:11:22Z by "mach5one" with MS VC++ 17.6 (VS2022)

END.
